Archive member included to satisfy reference by file (symbol)

c:/ac6/systemworkbench/plugins/fr.ac6.mcu.externaltools.arm-none.win32_1.15.0.201708311556/tools/compiler/bin/../lib/gcc/arm-none-eabi/6.3.1/thumb/v7e-m\libgcc.a(unwind-arm.o)
                              ./system/src/newlib/_cxx.o (__aeabi_unwind_cpp_pr1)
c:/ac6/systemworkbench/plugins/fr.ac6.mcu.externaltools.arm-none.win32_1.15.0.201708311556/tools/compiler/bin/../lib/gcc/arm-none-eabi/6.3.1/thumb/v7e-m\libgcc.a(libunwind.o)
                              c:/ac6/systemworkbench/plugins/fr.ac6.mcu.externaltools.arm-none.win32_1.15.0.201708311556/tools/compiler/bin/../lib/gcc/arm-none-eabi/6.3.1/thumb/v7e-m\libgcc.a(unwind-arm.o) (restore_core_regs)
c:/ac6/systemworkbench/plugins/fr.ac6.mcu.externaltools.arm-none.win32_1.15.0.201708311556/tools/compiler/bin/../lib/gcc/arm-none-eabi/6.3.1/thumb/v7e-m\libgcc.a(pr-support.o)
                              c:/ac6/systemworkbench/plugins/fr.ac6.mcu.externaltools.arm-none.win32_1.15.0.201708311556/tools/compiler/bin/../lib/gcc/arm-none-eabi/6.3.1/thumb/v7e-m\libgcc.a(unwind-arm.o) (__gnu_unwind_execute)
c:/ac6/systemworkbench/plugins/fr.ac6.mcu.externaltools.arm-none.win32_1.15.0.201708311556/tools/compiler/bin/../lib/gcc/arm-none-eabi/6.3.1/../../../../arm-none-eabi/lib/thumb/v7e-m\libg_nano.a(lib_a-atoi.o)
                              ./src/main.o (atoi)
c:/ac6/systemworkbench/plugins/fr.ac6.mcu.externaltools.arm-none.win32_1.15.0.201708311556/tools/compiler/bin/../lib/gcc/arm-none-eabi/6.3.1/../../../../arm-none-eabi/lib/thumb/v7e-m\libg_nano.a(lib_a-errno.o)
                              ./system/src/newlib/_sbrk.o (__errno)
c:/ac6/systemworkbench/plugins/fr.ac6.mcu.externaltools.arm-none.win32_1.15.0.201708311556/tools/compiler/bin/../lib/gcc/arm-none-eabi/6.3.1/../../../../arm-none-eabi/lib/thumb/v7e-m\libg_nano.a(lib_a-findfp.o)
                              ./system/src/newlib/_syscalls.o (__sinit)
c:/ac6/systemworkbench/plugins/fr.ac6.mcu.externaltools.arm-none.win32_1.15.0.201708311556/tools/compiler/bin/../lib/gcc/arm-none-eabi/6.3.1/../../../../arm-none-eabi/lib/thumb/v7e-m\libg_nano.a(lib_a-fwalk.o)
                              c:/ac6/systemworkbench/plugins/fr.ac6.mcu.externaltools.arm-none.win32_1.15.0.201708311556/tools/compiler/bin/../lib/gcc/arm-none-eabi/6.3.1/../../../../arm-none-eabi/lib/thumb/v7e-m\libg_nano.a(lib_a-findfp.o) (_fwalk)
c:/ac6/systemworkbench/plugins/fr.ac6.mcu.externaltools.arm-none.win32_1.15.0.201708311556/tools/compiler/bin/../lib/gcc/arm-none-eabi/6.3.1/../../../../arm-none-eabi/lib/thumb/v7e-m\libg_nano.a(lib_a-fwrite.o)
                              ./src/main.o (fwrite)
c:/ac6/systemworkbench/plugins/fr.ac6.mcu.externaltools.arm-none.win32_1.15.0.201708311556/tools/compiler/bin/../lib/gcc/arm-none-eabi/6.3.1/../../../../arm-none-eabi/lib/thumb/v7e-m\libg_nano.a(lib_a-impure.o)
                              c:/ac6/systemworkbench/plugins/fr.ac6.mcu.externaltools.arm-none.win32_1.15.0.201708311556/tools/compiler/bin/../lib/gcc/arm-none-eabi/6.3.1/../../../../arm-none-eabi/lib/thumb/v7e-m\libg_nano.a(lib_a-findfp.o) (_global_impure_ptr)
c:/ac6/systemworkbench/plugins/fr.ac6.mcu.externaltools.arm-none.win32_1.15.0.201708311556/tools/compiler/bin/../lib/gcc/arm-none-eabi/6.3.1/../../../../arm-none-eabi/lib/thumb/v7e-m\libg_nano.a(lib_a-locale.o)
                              ./system/src/newlib/_syscalls.o (__locale_ctype_ptr)
c:/ac6/systemworkbench/plugins/fr.ac6.mcu.externaltools.arm-none.win32_1.15.0.201708311556/tools/compiler/bin/../lib/gcc/arm-none-eabi/6.3.1/../../../../arm-none-eabi/lib/thumb/v7e-m\libg_nano.a(lib_a-mbtowc_r.o)
                              c:/ac6/systemworkbench/plugins/fr.ac6.mcu.externaltools.arm-none.win32_1.15.0.201708311556/tools/compiler/bin/../lib/gcc/arm-none-eabi/6.3.1/../../../../arm-none-eabi/lib/thumb/v7e-m\libg_nano.a(lib_a-locale.o) (__ascii_mbtowc)
c:/ac6/systemworkbench/plugins/fr.ac6.mcu.externaltools.arm-none.win32_1.15.0.201708311556/tools/compiler/bin/../lib/gcc/arm-none-eabi/6.3.1/../../../../arm-none-eabi/lib/thumb/v7e-m\libg_nano.a(lib_a-memcpy-stub.o)
                              c:/ac6/systemworkbench/plugins/fr.ac6.mcu.externaltools.arm-none.win32_1.15.0.201708311556/tools/compiler/bin/../lib/gcc/arm-none-eabi/6.3.1/thumb/v7e-m\libgcc.a(unwind-arm.o) (memcpy)
c:/ac6/systemworkbench/plugins/fr.ac6.mcu.externaltools.arm-none.win32_1.15.0.201708311556/tools/compiler/bin/../lib/gcc/arm-none-eabi/6.3.1/../../../../arm-none-eabi/lib/thumb/v7e-m\libg_nano.a(lib_a-memset.o)
                              ./system/src/newlib/_syscalls.o (memset)
c:/ac6/systemworkbench/plugins/fr.ac6.mcu.externaltools.arm-none.win32_1.15.0.201708311556/tools/compiler/bin/../lib/gcc/arm-none-eabi/6.3.1/../../../../arm-none-eabi/lib/thumb/v7e-m\libg_nano.a(lib_a-nano-mallocr.o)
[...]
Memory Configuration

Name             Origin             Length             Attributes
FLASH            0x00000000         0x00020000         xr
RAM              0x20000000         0x00005000         xrw
CCMRAM           0x10000000         0x00000000         xrw
FLASHB1          0x00000000         0x00000000         xr
EXTMEMB0         0x00000000         0x00000000         xr
EXTMEMB1         0x00000000         0x00000000         xr
EXTMEMB2         0x00000000         0x00000000         xr
EXTMEMB3         0x00000000         0x00000000         xr
*default*        0x00000000         0xffffffff

Linker script and memory map

LOAD ./system/src/newlib/_cxx.o
LOAD ./system/src/newlib/_exit.o
LOAD ./system/src/newlib/_sbrk.o
LOAD ./system/src/newlib/_startup.o
LOAD ./system/src/newlib/_syscalls.o
LOAD ./system/src/newlib/assert.o
LOAD ./system/src/diag/Trace.o
LOAD ./system/src/diag/trace_impl.o
LOAD ./system/src/cortexm/_initialize_hardware.o
LOAD ./system/src/cortexm/_reset_hardware.o
LOAD ./system/src/cortexm/exception_handlers.o
LOAD ./system/src/cmsis/system_DEVICE.o
LOAD ./system/src/cmsis/vectors_DEVICE.o
LOAD ./src/Timer.o
LOAD ./src/_write.o
LOAD ./src/main.o
LOAD c:/ac6/systemworkbench/plugins/fr.ac6.mcu.externaltools.arm-none.win32_1.15.0.201708311556/tools/compiler/bin/../lib/gcc/arm-none-eabi/6.3.1/../../../../arm-none-eabi/lib/thumb/v7e-m\libstdc++_nano.a
LOAD c:/ac6/systemworkbench/plugins/fr.ac6.mcu.externaltools.arm-none.win32_1.15.0.201708311556/tools/compiler/bin/../lib/gcc/arm-none-eabi/6.3.1/../../../../arm-none-eabi/lib/thumb/v7e-m\libm.a
START GROUP
LOAD c:/ac6/systemworkbench/plugins/fr.ac6.mcu.externaltools.arm-none.win32_1.15.0.201708311556/tools/compiler/bin/../lib/gcc/arm-none-eabi/6.3.1/thumb/v7e-m\libgcc.a
LOAD c:/ac6/systemworkbench/plugins/fr.ac6.mcu.externaltools.arm-none.win32_1.15.0.201708311556/tools/compiler/bin/../lib/gcc/arm-none-eabi/6.3.1/../../../../arm-none-eabi/lib/thumb/v7e-m\libg_nano.a
LOAD c:/ac6/systemworkbench/plugins/fr.ac6.mcu.externaltools.arm-none.win32_1.15.0.201708311556/tools/compiler/bin/../lib/gcc/arm-none-eabi/6.3.1/../../../../arm-none-eabi/lib/thumb/v7e-m\libc_nano.a
END GROUP
START GROUP
LOAD c:/ac6/systemworkbench/plugins/fr.ac6.mcu.externaltools.arm-none.win32_1.15.0.201708311556/tools/compiler/bin/../lib/gcc/arm-none-eabi/6.3.1/thumb/v7e-m\libgcc.a
LOAD c:/ac6/systemworkbench/plugins/fr.ac6.mcu.externaltools.arm-none.win32_1.15.0.201708311556/tools/compiler/bin/../lib/gcc/arm-none-eabi/6.3.1/../../../../arm-none-eabi/lib/thumb/v7e-m\libc_nano.a
END GROUP
                0x20005000                __stack = (ORIGIN (RAM) + LENGTH (RAM))
                0x20005000                _estack = __stack
                0x00000400                __Main_Stack_Size = 0x400
                [!provide]                PROVIDE (_Main_Stack_Size, __Main_Stack_Size)
                0x20004c00                __Main_Stack_Limit = (__stack - __Main_Stack_Size)
                [!provide]                PROVIDE (_Main_Stack_Limit, __Main_Stack_Limit)
                0x00000100                _Minimum_Stack_Size = 0x100
                0x2000039c                PROVIDE (_Heap_Begin, _end_noinit)
                0x20004c00                PROVIDE (_Heap_Limit, (__stack - __Main_Stack_Size))

.isr_vector     0x00000000      0x286
 FILL mask 0xff
                0x00000000                __vectors_start = ABSOLUTE (.)
                0x00000000                __vectors_start__ = ABSOLUTE (.)
 *(.isr_vector)
 .isr_vector    0x00000000       0x44 ./system/src/cmsis/vectors_DEVICE.o
                0x00000000                __isr_vectors
 *(.cfmconfig)
 *(.after_vectors .after_vectors.*)
 .after_vectors
                0x00000044      0x114 ./system/src/newlib/_startup.o
                0x00000044                _start
 .after_vectors
                0x00000158      0x12c ./system/src/cortexm/exception_handlers.o
                0x00000158                Reset_Handler
                0x0000015e                NMI_Handler
                0x00000162                HardFault_Handler
                0x00000176                HardFault_Handler_C
                0x000001d4                MemManage_Handler
                0x000001d8                BusFault_Handler
                0x000001ec                BusFault_Handler_C
                0x00000220                UsageFault_Handler
                0x00000234                UsageFault_Handler_C
                0x00000268                SVC_Handler
                0x0000026c                DebugMon_Handler
                0x00000270                PendSV_Handler
 .after_vectors
                0x00000284        0x2 ./system/src/cmsis/vectors_DEVICE.o
                0x00000284                Default_Handler
                0x00000284                DeviceInterrupt_Handler

.inits          0x00000288       0x28
                0x00000288                __data_regions_array_start = .
                0x00000288        0x4 LONG 0x2240 LOADADDR (.data)
                0x0000028c        0x4 LONG 0x20000000 ADDR (.data)
                0x00000290        0x4 LONG 0x200001dc (ADDR (.data) + SIZEOF (.data))
                0x00000294        0x4 LONG 0x2240 LOADADDR (.data_CCMRAM)
                0x00000298        0x4 LONG 0x10000000 ADDR (.data_CCMRAM)
                0x0000029c        0x4 LONG 0x10000000 (ADDR (.data_CCMRAM) + SIZEOF (.data_CCMRAM))
                0x000002a0                __data_regions_array_end = .
                0x000002a0                __bss_regions_array_start = .
                0x000002a0        0x4 LONG 0x200001dc ADDR (.bss)
                0x000002a4        0x4 LONG 0x2000039c (ADDR (.bss) + SIZEOF (.bss))
                0x000002a8        0x4 LONG 0x10000000 ADDR (.bss_CCMRAM)
                0x000002ac        0x4 LONG 0x10000000 (ADDR (.bss_CCMRAM) + SIZEOF (.bss_CCMRAM))
                0x000002b0                __bss_regions_array_end = .
 *(.init)
 *(.fini)
                0x000002b0                . = ALIGN (0x4)
                0x000002b0                PROVIDE (__preinit_array_start, .)
 *(.preinit_array_sysinit .preinit_array_sysinit.*)
 *(.preinit_array_platform .preinit_array_platform.*)
 *(.preinit_array .preinit_array.*)
                0x000002b0                PROVIDE (__preinit_array_end, .)
                0x000002b0                . = ALIGN (0x4)
                0x000002b0                PROVIDE (__init_array_start, .)
 *(SORT(.init_array.*))
 *(.init_array)
                0x000002b0                PROVIDE (__init_array_end, .)
                0x000002b0                . = ALIGN (0x4)
                0x000002b0                PROVIDE (__fini_array_start, .)
 *(SORT(.fini_array.*))
 *(.fini_array)
                0x000002b0                PROVIDE (__fini_array_end, .)

.flashtext
 *(.flashtext .flashtext.*)

.text           0x000002b0     0x1f8e
 *(.text .text.*)
 .text._sbrk    0x000002b0       0x44 ./system/src/newlib/_sbrk.o
                0x000002b0                _sbrk
 .text.get_errno
                0x000002f4       0x12 ./system/src/newlib/_syscalls.o
 .text.error    0x00000306       0x14 ./system/src/newlib/_syscalls.o
 .text.checkerror
                0x0000031a       0x10 ./system/src/newlib/_syscalls.o
 *fill*         0x0000032a        0x2 
 .text.findslot
                0x0000032c       0x3c ./system/src/newlib/_syscalls.o
 .text._exit    0x00000368       0x20 ./system/src/newlib/_syscalls.o
                0x00000368                _exit
 .text.initialise_monitor_handles
                0x00000388       0xa8 ./system/src/newlib/_syscalls.o
                0x00000388                initialise_monitor_handles
 .text.__initialize_args
                0x00000430       0xe8 ./system/src/newlib/_syscalls.o
                0x00000430                __initialize_args
 .text._swiread
                0x00000518       0x20 ./system/src/newlib/_syscalls.o
                0x00000518                _swiread
 .text._read    0x00000538       0x36 ./system/src/newlib/_syscalls.o
                0x00000538                _read
 .text._swilseek
                0x0000056e       0xba ./system/src/newlib/_syscalls.o
                0x0000056e                _swilseek
 .text._lseek   0x00000628        0x8 ./system/src/newlib/_syscalls.o
                0x00000628                _lseek
 .text._swiwrite
                0x00000630       0x20 ./system/src/newlib/_syscalls.o
                0x00000630                _swiwrite
 .text._write   0x00000650       0x46 ./system/src/newlib/_syscalls.o
                0x00000650                _write
 .text._swiclose
                0x00000696       0x1e ./system/src/newlib/_syscalls.o
                0x00000696                _swiclose
 .text._close   0x000006b4       0x4c ./system/src/newlib/_syscalls.o
                0x000006b4                _close
 .text._swistat
                0x00000700       0x44 ./system/src/newlib/_syscalls.o
                0x00000700                _swistat
 .text._fstat   0x00000744       0x1a ./system/src/newlib/_syscalls.o
                0x00000744                _fstat
 .text._isatty  0x0000075e       0x36 ./system/src/newlib/_syscalls.o
                0x0000075e                _isatty
 .text.trace_printf
                0x00000794       0x30 ./system/src/diag/Trace.o
                0x00000794                trace_printf
 .text.trace_puts
                0x000007c4       0x20 ./system/src/diag/Trace.o
                0x000007c4                trace_puts
 .text.trace_dump_args
                0x000007e4       0x48 ./system/src/diag/Trace.o
                0x000007e4                trace_dump_args
 .text._trace_write_semihosting_debug
                0x0000082c       0x60 ./system/src/diag/trace_impl.o
 .text.trace_write
                0x0000088c        0x8 ./system/src/diag/trace_impl.o
                0x0000088c                trace_write
 .text.__initialize_hardware_early
                0x00000894       0x18 ./system/src/cortexm/_initialize_hardware.o
                0x00000894                __initialize_hardware_early
 .text.__initialize_hardware
                0x000008ac        0x8 ./system/src/cortexm/_initialize_hardware.o
                0x000008ac                __initialize_hardware
 .text.dumpExceptionStack
                0x000008b4       0xf4 ./system/src/cortexm/exception_handlers.o
                0x000008b4                dumpExceptionStack
 .text.isSemihosting
                0x000009a8      0x100 ./system/src/cortexm/exception_handlers.o
                0x000009a8                isSemihosting
 .text.SystemCoreClockUpdate
                0x00000aa8       0x10 ./system/src/cmsis/system_DEVICE.o
                0x00000aa8                SystemCoreClockUpdate
 .text.SystemInit
                0x00000ab8       0x10 ./system/src/cmsis/system_DEVICE.o
                0x00000ab8                SystemInit
 .text.timer_start
                0x00000ac8       0x3c ./src/Timer.o
                0x00000ac8                timer_start
 .text.timer_sleep
                0x00000b04       0x14 ./src/Timer.o
                0x00000b04                timer_sleep
 .text.timer_tick
                0x00000b18       0x14 ./src/Timer.o
                0x00000b18                timer_tick
 .text.SysTick_Handler
                0x00000b2c        0x8 ./src/Timer.o
                0x00000b2c                SysTick_Handler
 .text.main     0x00000b34       0x88 ./src/main.o
                0x00000b34                main
 .text.atoi     0x00000bbc        0x8 c:/ac6/systemworkbench/plugins/fr.ac6.mcu.externaltools.arm-none.win32_1.15.0.201708311556/tools/compiler/bin/../lib/gcc/arm-none-eabi/6.3.1/../../../../arm-none-eabi/lib/thumb/v7e-m\libg_nano.a(lib_a-atoi.o)
                0x00000bbc                atoi
 .text.__errno  0x00000bc4        0xc c:/ac6/systemworkbench/plugins/fr.ac6.mcu.externaltools.arm-none.win32_1.15.0.201708311556/tools/compiler/bin/../lib/gcc/arm-none-eabi/6.3.1/../../../../arm-none-eabi/lib/thumb/v7e-m\libg_nano.a(lib_a-errno.o)
                0x00000bc4                __errno
 .text._cleanup_r
                0x00000bd0        0xc c:/ac6/systemworkbench/plugins/fr.ac6.mcu.externaltools.arm-none.win32_1.15.0.201708311556/tools/compiler/bin/../lib/gcc/arm-none-eabi/6.3.1/../../../../arm-none-eabi/lib/thumb/v7e-m\libg_nano.a(lib_a-findfp.o)
                0x00000bd0                _cleanup_r
 .text.std.isra.0
                0x00000bdc       0x48 c:/ac6/systemworkbench/plugins/fr.ac6.mcu.externaltools.arm-none.win32_1.15.0.201708311556/tools/compiler/bin/../lib/gcc/arm-none-eabi/6.3.1/../../../../arm-none-eabi/lib/thumb/v7e-m\libg_nano.a(lib_a-findfp.o)
 .text.__sfmoreglue
                0x00000c24       0x2c c:/ac6/systemworkbench/plugins/fr.ac6.mcu.externaltools.arm-none.win32_1.15.0.201708311556/tools/compiler/bin/../lib/gcc/arm-none-eabi/6.3.1/../../../../arm-none-eabi/lib/thumb/v7e-m\libg_nano.a(lib_a-findfp.o)
                0x00000c24                __sfmoreglue
 .text.__sinit  0x00000c50       0x60 c:/ac6/systemworkbench/plugins/fr.ac6.mcu.externaltools.arm-none.win32_1.15.0.201708311556/tools/compiler/bin/../lib/gcc/arm-none-eabi/6.3.1/../../../../arm-none-eabi/lib/thumb/v7e-m\libg_nano.a(lib_a-findfp.o)
                0x00000c50                __sinit
 .text.__sfp    0x00000cb0       0x78 c:/ac6/systemworkbench/plugins/fr.ac6.mcu.externaltools.arm-none.win32_1.15.0.201708311556/tools/compiler/bin/../lib/gcc/arm-none-eabi/6.3.1/../../../../arm-none-eabi/lib/thumb/v7e-m\libg_nano.a(lib_a-findfp.o)
                0x00000cb0                __sfp
 .text._fwalk_reent
                0x00000d28       0x3c c:/ac6/systemworkbench/plugins/fr.ac6.mcu.externaltools.arm-none.win32_1.15.0.201708311556/tools/compiler/bin/../lib/gcc/arm-none-eabi/6.3.1/../../../../arm-none-eabi/lib/thumb/v7e-m\libg_nano.a(lib_a-fwalk.o)
                0x00000d28                _fwalk_reent
 .text._fwrite_r
                0x00000d64       0x9c c:/ac6/systemworkbench/plugins/fr.ac6.mcu.externaltools.arm-none.win32_1.15.0.201708311556/tools/compiler/bin/../lib/gcc/arm-none-eabi/6.3.1/../../../../arm-none-eabi/lib/thumb/v7e-m\libg_nano.a(lib_a-fwrite.o)
                0x00000d64                _fwrite_r
 .text.fwrite   0x00000e00       0x1c c:/ac6/systemworkbench/plugins/fr.ac6.mcu.externaltools.arm-none.win32_1.15.0.201708311556/tools/compiler/bin/../lib/gcc/arm-none-eabi/6.3.1/../../../../arm-none-eabi/lib/thumb/v7e-m\libg_nano.a(lib_a-fwrite.o)
                0x00000e00                fwrite
 .text.__locale_ctype_ptr_l
                0x00000e1c        0x6 c:/ac6/systemworkbench/plugins/fr.ac6.mcu.externaltools.arm-none.win32_1.15.0.201708311556/tools/compiler/bin/../lib/gcc/arm-none-eabi/6.3.1/../../../../arm-none-eabi/lib/thumb/v7e-m\libg_nano.a(lib_a-locale.o)
                0x00000e1c                __locale_ctype_ptr_l
 *fill*         0x00000e22        0x2 
 .text.__locale_ctype_ptr
                0x00000e24       0x1c c:/ac6/systemworkbench/plugins/fr.ac6.mcu.externaltools.arm-none.win32_1.15.0.201708311556/tools/compiler/bin/../lib/gcc/arm-none-eabi/6.3.1/../../../../arm-none-eabi/lib/thumb/v7e-m\libg_nano.a(lib_a-locale.o)
                0x00000e24                __locale_ctype_ptr
 .text.__ascii_mbtowc
                0x00000e40       0x24 c:/ac6/systemworkbench/plugins/fr.ac6.mcu.externaltools.arm-none.win32_1.15.0.201708311556/tools/compiler/bin/../lib/gcc/arm-none-eabi/6.3.1/../../../../arm-none-eabi/lib/thumb/v7e-m\libg_nano.a(lib_a-mbtowc_r.o)
                0x00000e40                __ascii_mbtowc
 .text.memcpy   0x00000e64       0x16 c:/ac6/systemworkbench/plugins/fr.ac6.mcu.externaltools.arm-none.win32_1.15.0.201708311556/tools/compiler/bin/../lib/gcc/arm-none-eabi/6.3.1/../../../../arm-none-eabi/lib/thumb/v7e-m\libg_nano.a(lib_a-memcpy-stub.o)
                0x00000e64                memcpy
 .text.memset   0x00000e7a       0x10 c:/ac6/systemworkbench/plugins/fr.ac6.mcu.externaltools.arm-none.win32_1.15.0.201708311556/tools/compiler/bin/../lib/gcc/arm-none-eabi/6.3.1/../../../../arm-none-eabi/lib/thumb/v7e-m\libg_nano.a(lib_a-memset.o)
                0x00000e7a                memset
 *fill*         0x00000e8a        0x2 
 .text._malloc_r
                0x00000e8c       0xbc c:/ac6/systemworkbench/plugins/fr.ac6.mcu.externaltools.arm-none.win32_1.15.0.201708311556/tools/compiler/bin/../lib/gcc/arm-none-eabi/6.3.1/../../../../arm-none-eabi/lib/thumb/v7e-m\libg_nano.a(lib_a-nano-mallocr.o)
                0x00000e8c                _malloc_r
 .text._puts_r  0x00000f48       0xb8 c:/ac6/systemworkbench/plugins/fr.ac6.mcu.externaltools.arm-none.win32_1.15.0.201708311556/tools/compiler/bin/../lib/gcc/arm-none-eabi/6.3.1/../../../../arm-none-eabi/lib/thumb/v7e-m\libg_nano.a(lib_a-puts.o)
                0x00000f48                _puts_r
 .text.puts     0x00001000       0x10 c:/ac6/systemworkbench/plugins/fr.ac6.mcu.externaltools.arm-none.win32_1.15.0.201708311556/tools/compiler/bin/../lib/gcc/arm-none-eabi/6.3.1/../../../../arm-none-eabi/lib/thumb/v7e-m\libg_nano.a(lib_a-puts.o)
                0x00001000                puts
 .text._sbrk_r  0x00001010       0x20 c:/ac6/systemworkbench/plugins/fr.ac6.mcu.externaltools.arm-none.win32_1.15.0.201708311556/tools/compiler/bin/../lib/gcc/arm-none-eabi/6.3.1/../../../../arm-none-eabi/lib/thumb/v7e-m\libg_nano.a(lib_a-sbrkr.o)
                0x00001010                _sbrk_r
 .text.__sread  0x00001030       0x22 c:/ac6/systemworkbench/plugins/fr.ac6.mcu.externaltools.arm-none.win32_1.15.0.201708311556/tools/compiler/bin/../lib/gcc/arm-none-eabi/6.3.1/../../../../arm-none-eabi/lib/thumb/v7e-m\libg_nano.a(lib_a-stdio.o)
                0x00001030                __sread
 .text.__swrite
                0x00001052       0x38 c:/ac6/systemworkbench/plugins/fr.ac6.mcu.externaltools.arm-none.win32_1.15.0.201708311556/tools/compiler/bin/../lib/gcc/arm-none-eabi/6.3.1/../../../../arm-none-eabi/lib/thumb/v7e-m\libg_nano.a(lib_a-stdio.o)
                0x00001052                __swrite
 .text.__sseek  0x0000108a       0x24 c:/ac6/systemworkbench/plugins/fr.ac6.mcu.externaltools.arm-none.win32_1.15.0.201708311556/tools/compiler/bin/../lib/gcc/arm-none-eabi/6.3.1/../../../../arm-none-eabi/lib/thumb/v7e-m\libg_nano.a(lib_a-stdio.o)
                0x0000108a                __sseek
 .text.__sclose
                0x000010ae        0x8 c:/ac6/systemworkbench/plugins/fr.ac6.mcu.externaltools.arm-none.win32_1.15.0.201708311556/tools/compiler/bin/../lib/gcc/arm-none-eabi/6.3.1/../../../../arm-none-eabi/lib/thumb/v7e-m\libg_nano.a(lib_a-stdio.o)
                0x000010ae                __sclose
 .text          0x000010b6       0x14 c:/ac6/systemworkbench/plugins/fr.ac6.mcu.externaltools.arm-none.win32_1.15.0.201708311556/tools/compiler/bin/../lib/gcc/arm-none-eabi/6.3.1/../../../../arm-none-eabi/lib/thumb/v7e-m\libg_nano.a(lib_a-strcmp.o)
                0x000010b6                strcmp
 .text          0x000010ca       0x10 c:/ac6/systemworkbench/plugins/fr.ac6.mcu.externaltools.arm-none.win32_1.15.0.201708311556/tools/compiler/bin/../lib/gcc/arm-none-eabi/6.3.1/../../../../arm-none-eabi/lib/thumb/v7e-m\libg_nano.a(lib_a-strlen.o)
                0x000010ca                strlen
 .text._strtol_l.isra.0
                0x000010da      0x100 c:/ac6/systemworkbench/plugins/fr.ac6.mcu.externaltools.arm-none.win32_1.15.0.201708311556/tools/compiler/bin/../lib/gcc/arm-none-eabi/6.3.1/../../../../arm-none-eabi/lib/thumb/v7e-m\libg_nano.a(lib_a-strtol.o)
 *fill*         0x000011da        0x2 
 .text.strtol   0x000011dc       0x2c c:/ac6/systemworkbench/plugins/fr.ac6.mcu.externaltools.arm-none.win32_1.15.0.201708311556/tools/compiler/bin/../lib/gcc/arm-none-eabi/6.3.1/../../../../arm-none-eabi/lib/thumb/v7e-m\libg_nano.a(lib_a-strtol.o)
                0x000011dc                strtol
 .text._vsnprintf_r
                0x00001208       0x58 c:/ac6/systemworkbench/plugins/fr.ac6.mcu.externaltools.arm-none.win32_1.15.0.201708311556/tools/compiler/bin/../lib/gcc/arm-none-eabi/6.3.1/../../../../arm-none-eabi/lib/thumb/v7e-m\libg_nano.a(lib_a-vsnprintf.o)
                0x00001208                _vsniprintf_r
                0x00001208                _vsnprintf_r
 .text.vsnprintf
                0x00001260       0x1c c:/ac6/systemworkbench/plugins/fr.ac6.mcu.externaltools.arm-none.win32_1.15.0.201708311556/tools/compiler/bin/../lib/gcc/arm-none-eabi/6.3.1/../../../../arm-none-eabi/lib/thumb/v7e-m\libg_nano.a(lib_a-vsnprintf.o)
                0x00001260                vsniprintf
                0x00001260                vsnprintf
 .text.__swbuf_r
                0x0000127c       0xa4 c:/ac6/systemworkbench/plugins/fr.ac6.mcu.externaltools.arm-none.win32_1.15.0.201708311556/tools/compiler/bin/../lib/gcc/arm-none-eabi/6.3.1/../../../../arm-none-eabi/lib/thumb/v7e-m\libg_nano.a(lib_a-wbuf.o)
                0x0000127c                __swbuf_r
 .text.__ascii_wctomb
                0x00001320       0x1a c:/ac6/systemworkbench/plugins/fr.ac6.mcu.externaltools.arm-none.win32_1.15.0.201708311556/tools/compiler/bin/../lib/gcc/arm-none-eabi/6.3.1/../../../../arm-none-eabi/lib/thumb/v7e-m\libg_nano.a(lib_a-wctomb_r.o)
                0x00001320                __ascii_wctomb
 *fill*         0x0000133a        0x2 
 .text._write_r
                0x0000133c       0x24 c:/ac6/systemworkbench/plugins/fr.ac6.mcu.externaltools.arm-none.win32_1.15.0.201708311556/tools/compiler/bin/../lib/gcc/arm-none-eabi/6.3.1/../../../../arm-none-eabi/lib/thumb/v7e-m\libg_nano.a(lib_a-writer.o)
                0x0000133c                _write_r
 .text.__swsetup_r
                0x00001360       0xdc c:/ac6/systemworkbench/plugins/fr.ac6.mcu.externaltools.arm-none.win32_1.15.0.201708311556/tools/compiler/bin/../lib/gcc/arm-none-eabi/6.3.1/../../../../arm-none-eabi/lib/thumb/v7e-m\libg_nano.a(lib_a-wsetup.o)
                0x00001360                __swsetup_r
 .text._close_r
                0x0000143c       0x20 c:/ac6/systemworkbench/plugins/fr.ac6.mcu.externaltools.arm-none.win32_1.15.0.201708311556/tools/compiler/bin/../lib/gcc/arm-none-eabi/6.3.1/../../../../arm-none-eabi/lib/thumb/v7e-m\libg_nano.a(lib_a-closer.o)
                0x0000143c                _close_r
 .text.__sflush_r
                0x0000145c      0x110 c:/ac6/systemworkbench/plugins/fr.ac6.mcu.externaltools.arm-none.win32_1.15.0.201708311556/tools/compiler/bin/../lib/gcc/arm-none-eabi/6.3.1/../../../../arm-none-eabi/lib/thumb/v7e-m\libg_nano.a(lib_a-fflush.o)
                0x0000145c                __sflush_r
 .text._fflush_r
                0x0000156c       0x54 c:/ac6/systemworkbench/plugins/fr.ac6.mcu.externaltools.arm-none.win32_1.15.0.201708311556/tools/compiler/bin/../lib/gcc/arm-none-eabi/6.3.1/../../../../arm-none-eabi/lib/thumb/v7e-m\libg_nano.a(lib_a-fflush.o)
                0x0000156c                _fflush_r
 .text._lseek_r
                0x000015c0       0x24 c:/ac6/systemworkbench/plugins/fr.ac6.mcu.externaltools.arm-none.win32_1.15.0.201708311556/tools/compiler/bin/../lib/gcc/arm-none-eabi/6.3.1/../../../../arm-none-eabi/lib/thumb/v7e-m\libg_nano.a(lib_a-lseekr.o)
                0x000015c0                _lseek_r
 .text.__swhatbuf_r
                0x000015e4       0x48 c:/ac6/systemworkbench/plugins/fr.ac6.mcu.externaltools.arm-none.win32_1.15.0.201708311556/tools/compiler/bin/../lib/gcc/arm-none-eabi/6.3.1/../../../../arm-none-eabi/lib/thumb/v7e-m\libg_nano.a(lib_a-makebuf.o)
                0x000015e4                __swhatbuf_r
 .text.__smakebuf_r
                0x0000162c       0x80 c:/ac6/systemworkbench/plugins/fr.ac6.mcu.externaltools.arm-none.win32_1.15.0.201708311556/tools/compiler/bin/../lib/gcc/arm-none-eabi/6.3.1/../../../../arm-none-eabi/lib/thumb/v7e-m\libg_nano.a(lib_a-makebuf.o)
                0x0000162c                __smakebuf_r
 .text.__malloc_lock
                0x000016ac        0x2 c:/ac6/systemworkbench/plugins/fr.ac6.mcu.externaltools.arm-none.win32_1.15.0.201708311556/tools/compiler/bin/../lib/gcc/arm-none-eabi/6.3.1/../../../../arm-none-eabi/lib/thumb/v7e-m\libg_nano.a(lib_a-mlock.o)
                0x000016ac                __malloc_lock
 .text.__malloc_unlock
                0x000016ae        0x2 c:/ac6/systemworkbench/plugins/fr.ac6.mcu.externaltools.arm-none.win32_1.15.0.201708311556/tools/compiler/bin/../lib/gcc/arm-none-eabi/6.3.1/../../../../arm-none-eabi/lib/thumb/v7e-m\libg_nano.a(lib_a-mlock.o)
                0x000016ae                __malloc_unlock
 .text._free_r  0x000016b0       0x9c c:/ac6/systemworkbench/plugins/fr.ac6.mcu.externaltools.arm-none.win32_1.15.0.201708311556/tools/compiler/bin/../lib/gcc/arm-none-eabi/6.3.1/../../../../arm-none-eabi/lib/thumb/v7e-m\libg_nano.a(lib_a-nano-freer.o)
                0x000016b0                _free_r
 .text.__ssputs_r
                0x0000174c       0xb6 c:/ac6/systemworkbench/plugins/fr.ac6.mcu.externaltools.arm-none.win32_1.15.0.201708311556/tools/compiler/bin/../lib/gcc/arm-none-eabi/6.3.1/../../../../arm-none-eabi/lib/thumb/v7e-m\libg_nano.a(lib_a-nano-svfprintf.o)
                0x0000174c                __ssputs_r
 *fill*         0x00001802        0x2 
 .text._svfprintf_r
                0x00001804      0x1e8 c:/ac6/systemworkbench/plugins/fr.ac6.mcu.externaltools.arm-none.win32_1.15.0.201708311556/tools/compiler/bin/../lib/gcc/arm-none-eabi/6.3.1/../../../../arm-none-eabi/lib/thumb/v7e-m\libg_nano.a(lib_a-nano-svfprintf.o)
                0x00001804                _svfiprintf_r
                0x00001804                _svfprintf_r
 .text._printf_common
                0x000019ec       0xec c:/ac6/systemworkbench/plugins/fr.ac6.mcu.externaltools.arm-none.win32_1.15.0.201708311556/tools/compiler/bin/../lib/gcc/arm-none-eabi/6.3.1/../../../../arm-none-eabi/lib/thumb/v7e-m\libg_nano.a(lib_a-nano-vfprintf_i.o)
                0x000019ec                _printf_common
 .text._printf_i
                0x00001ad8      0x240 c:/ac6/systemworkbench/plugins/fr.ac6.mcu.externaltools.arm-none.win32_1.15.0.201708311556/tools/compiler/bin/../lib/gcc/arm-none-eabi/6.3.1/../../../../arm-none-eabi/lib/thumb/v7e-m\libg_nano.a(lib_a-nano-vfprintf_i.o)
                0x00001ad8                _printf_i
 .text._read_r  0x00001d18       0x24 c:/ac6/systemworkbench/plugins/fr.ac6.mcu.externaltools.arm-none.win32_1.15.0.201708311556/tools/compiler/bin/../lib/gcc/arm-none-eabi/6.3.1/../../../../arm-none-eabi/lib/thumb/v7e-m\libg_nano.a(lib_a-readr.o)
                0x00001d18                _read_r
 .text._fstat_r
                0x00001d3c       0x24 c:/ac6/systemworkbench/plugins/fr.ac6.mcu.externaltools.arm-none.win32_1.15.0.201708311556/tools/compiler/bin/../lib/gcc/arm-none-eabi/6.3.1/../../../../arm-none-eabi/lib/thumb/v7e-m\libg_nano.a(lib_a-fstatr.o)
                0x00001d3c                _fstat_r
 .text._isatty_r
                0x00001d60       0x20 c:/ac6/systemworkbench/plugins/fr.ac6.mcu.externaltools.arm-none.win32_1.15.0.201708311556/tools/compiler/bin/../lib/gcc/arm-none-eabi/6.3.1/../../../../arm-none-eabi/lib/thumb/v7e-m\libg_nano.a(lib_a-isattyr.o)
                0x00001d60                _isatty_r
 .text          0x00001d80       0xa0 c:/ac6/systemworkbench/plugins/fr.ac6.mcu.externaltools.arm-none.win32_1.15.0.201708311556/tools/compiler/bin/../lib/gcc/arm-none-eabi/6.3.1/../../../../arm-none-eabi/lib/thumb/v7e-m\libg_nano.a(lib_a-memchr.o)
                0x00001d80                memchr
 .text.memmove  0x00001e20       0x34 c:/ac6/systemworkbench/plugins/fr.ac6.mcu.externaltools.arm-none.win32_1.15.0.201708311556/tools/compiler/bin/../lib/gcc/arm-none-eabi/6.3.1/../../../../arm-none-eabi/lib/thumb/v7e-m\libg_nano.a(lib_a-memmove.o)
                0x00001e20                memmove
 .text._realloc_r
                0x00001e54       0x4c c:/ac6/systemworkbench/plugins/fr.ac6.mcu.externaltools.arm-none.win32_1.15.0.201708311556/tools/compiler/bin/../lib/gcc/arm-none-eabi/6.3.1/../../../../arm-none-eabi/lib/thumb/v7e-m\libg_nano.a(lib_a-nano-reallocr.o)
                0x00001e54                _realloc_r
 .text._malloc_usable_size_r
                0x00001ea0       0x12 c:/ac6/systemworkbench/plugins/fr.ac6.mcu.externaltools.arm-none.win32_1.15.0.201708311556/tools/compiler/bin/../lib/gcc/arm-none-eabi/6.3.1/../../../../arm-none-eabi/lib/thumb/v7e-m\libg_nano.a(lib_a-nano-msizer.o)
                0x00001ea0                _malloc_usable_size_r
 *(.rodata .rodata.* .constdata .constdata.*)
 *fill*         0x00001eb2        0x2 
 .rodata.initialise_monitor_handles.str1.4
                0x00001eb4        0x4 ./system/src/newlib/_syscalls.o
 .rodata.trace_dump_args.str1.4
                0x00001eb8       0x29 ./system/src/diag/Trace.o
 .rodata.trace_puts.str1.4
                0x00001ee1       0x29 ./system/src/diag/Trace.o
                                  0x2 (size before relaxing)
 *fill*         0x00001ee1        0x3 
 .rodata.dumpExceptionStack.str1.4
                0x00001ee4      0x11a ./system/src/cortexm/exception_handlers.o
 .rodata.isSemihosting.str1.4
                0x00001ffe        0x4 ./system/src/cortexm/exception_handlers.o
 *fill*         0x00001ffe        0x2 
 .rodata.str1.4
                0x00002000       0x2a ./system/src/cortexm/exception_handlers.o
 *fill*         0x0000202a        0x2 
 .rodata.main.str1.4
                0x0000202c       0x70 ./src/main.o
                                 0x6f (size before relaxing)
 .rodata.__sf_fake_stderr
                0x0000209c       0x20 c:/ac6/systemworkbench/plugins/fr.ac6.mcu.externaltools.arm-none.win32_1.15.0.201708311556/tools/compiler/bin/../lib/gcc/arm-none-eabi/6.3.1/../../../../arm-none-eabi/lib/thumb/v7e-m\libg_nano.a(lib_a-findfp.o)
                0x0000209c                __sf_fake_stderr
 .rodata.__sf_fake_stdin
                0x000020bc       0x20 c:/ac6/systemworkbench/plugins/fr.ac6.mcu.externaltools.arm-none.win32_1.15.0.201708311556/tools/compiler/bin/../lib/gcc/arm-none-eabi/6.3.1/../../../../arm-none-eabi/lib/thumb/v7e-m\libg_nano.a(lib_a-findfp.o)
                0x000020bc                __sf_fake_stdin
 .rodata.__sf_fake_stdout
                0x000020dc       0x20 c:/ac6/systemworkbench/plugins/fr.ac6.mcu.externaltools.arm-none.win32_1.15.0.201708311556/tools/compiler/bin/../lib/gcc/arm-none-eabi/6.3.1/../../../../arm-none-eabi/lib/thumb/v7e-m\libg_nano.a(lib_a-findfp.o)
                0x000020dc                __sf_fake_stdout
 .rodata._global_impure_ptr
                0x000020fc        0x4 c:/ac6/systemworkbench/plugins/fr.ac6.mcu.externaltools.arm-none.win32_1.15.0.201708311556/tools/compiler/bin/../lib/gcc/arm-none-eabi/6.3.1/../../../../arm-none-eabi/lib/thumb/v7e-m\libg_nano.a(lib_a-impure.o)
                0x000020fc                _global_impure_ptr
 .rodata._setlocale_r.str1.1
                0x00002100        0x8 c:/ac6/systemworkbench/plugins/fr.ac6.mcu.externaltools.arm-none.win32_1.15.0.201708311556/tools/compiler/bin/../lib/gcc/arm-none-eabi/6.3.1/../../../../arm-none-eabi/lib/thumb/v7e-m\libg_nano.a(lib_a-locale.o)
                                  0x9 (size before relaxing)
 .rodata.str1.1
                0x00002108        0x2 c:/ac6/systemworkbench/plugins/fr.ac6.mcu.externaltools.arm-none.win32_1.15.0.201708311556/tools/compiler/bin/../lib/gcc/arm-none-eabi/6.3.1/../../../../arm-none-eabi/lib/thumb/v7e-m\libg_nano.a(lib_a-locale.o)
 .rodata._ctype_
                0x0000210a      0x101 c:/ac6/systemworkbench/plugins/fr.ac6.mcu.externaltools.arm-none.win32_1.15.0.201708311556/tools/compiler/bin/../lib/gcc/arm-none-eabi/6.3.1/../../../../arm-none-eabi/lib/thumb/v7e-m\libg_nano.a(lib_a-ctype_.o)
                0x0000210a                _ctype_
 .rodata._svfprintf_r.str1.1
                0x0000220b       0x11 c:/ac6/systemworkbench/plugins/fr.ac6.mcu.externaltools.arm-none.win32_1.15.0.201708311556/tools/compiler/bin/../lib/gcc/arm-none-eabi/6.3.1/../../../../arm-none-eabi/lib/thumb/v7e-m\libg_nano.a(lib_a-nano-svfprintf.o)
 .rodata._printf_i.str1.1
                0x0000221c       0x22 c:/ac6/systemworkbench/plugins/fr.ac6.mcu.externaltools.arm-none.win32_1.15.0.201708311556/tools/compiler/bin/../lib/gcc/arm-none-eabi/6.3.1/../../../../arm-none-eabi/lib/thumb/v7e-m\libg_nano.a(lib_a-nano-vfprintf_i.o)
 *(vtable)
 *(.eh_frame*)
 *(.glue_7)
 .glue_7        0x0000223e        0x0 linker stubs
 *(.glue_7t)
 .glue_7t       0x0000223e        0x0 linker stubs

.vfp11_veneer   0x00002240        0x0
 .vfp11_veneer  0x00002240        0x0 linker stubs

.v4_bx          0x00002240        0x0
 .v4_bx         0x00002240        0x0 linker stubs

.iplt           0x00002240        0x0
 .iplt          0x00002240        0x0 ./system/src/newlib/_cxx.o

.rel.dyn        0x00002240        0x0
 .rel.iplt      0x00002240        0x0 ./system/src/newlib/_cxx.o

.ARM.extab
 *(.ARM.extab* .gnu.linkonce.armextab.*)
                0x00002240                . = ALIGN (0x4)
                0x00002240                __exidx_start = .

.ARM.exidx
 *(.ARM.exidx* .gnu.linkonce.armexidx.*)
                0x00002240                __exidx_end = .
                0x00002240                . = ALIGN (0x4)
                0x00002240                _etext = .
                0x00002240                __etext = .

.data_CCMRAM    0x10000000        0x0 load address 0x00002240
 FILL mask 0xff
 *(.data.CCMRAM .data.CCMRAM.*)
                0x10000000                . = ALIGN (0x4)
                0x00002240                _sidata = LOADADDR (.data)

.data           0x20000000      0x1dc load address 0x00002240
 FILL mask 0xff
                0x20000000                _sdata = .
                0x20000000                __data_start__ = .
 *(.data_begin .data_begin.*)
 .data_begin    0x20000000        0x4 ./system/src/newlib/_startup.o
 *(.data .data.*)
 .data.SystemCoreClock
                0x20000004        0x4 ./system/src/cmsis/system_DEVICE.o
                0x20000004                SystemCoreClock
 .data._impure_ptr
                0x20000008        0x4 c:/ac6/systemworkbench/plugins/fr.ac6.mcu.externaltools.arm-none.win32_1.15.0.201708311556/tools/compiler/bin/../lib/gcc/arm-none-eabi/6.3.1/../../../../arm-none-eabi/lib/thumb/v7e-m\libg_nano.a(lib_a-impure.o)
                0x20000008                _impure_ptr
 .data.impure_data
                0x2000000c       0x60 c:/ac6/systemworkbench/plugins/fr.ac6.mcu.externaltools.arm-none.win32_1.15.0.201708311556/tools/compiler/bin/../lib/gcc/arm-none-eabi/6.3.1/../../../../arm-none-eabi/lib/thumb/v7e-m\libg_nano.a(lib_a-impure.o)
 .data.__global_locale
                0x2000006c      0x16c c:/ac6/systemworkbench/plugins/fr.ac6.mcu.externaltools.arm-none.win32_1.15.0.201708311556/tools/compiler/bin/../lib/gcc/arm-none-eabi/6.3.1/../../../../arm-none-eabi/lib/thumb/v7e-m\libg_nano.a(lib_a-locale.o)
                0x2000006c                __global_locale
 *(.data_end .data_end.*)
 .data_end      0x200001d8        0x4 ./system/src/newlib/_startup.o
                0x200001dc                . = ALIGN (0x4)
                0x200001dc                _edata = .
                0x200001dc                __data_end__ = .

.igot.plt       0x200001dc        0x0 load address 0x0000241c
 .igot.plt      0x200001dc        0x0 ./system/src/newlib/_cxx.o

.bss_CCMRAM     0x10000000        0x0
 *(.bss.CCMRAM .bss.CCMRAM.*)

.bss            0x200001dc      0x1c0
                0x200001dc                __bss_start__ = .
                0x200001dc                _sbss = .
 *(.bss_begin .bss_begin.*)
 .bss_begin     0x200001dc        0x4 ./system/src/newlib/_startup.o
 *(.bss .bss.*)
 .bss.current_heap_end.4427
                0x200001e0        0x4 ./system/src/newlib/_sbrk.o
 .bss.args_buf.6278
                0x200001e4       0x50 ./system/src/newlib/_syscalls.o
 .bss.argv_buf.6279
                0x20000234       0x28 ./system/src/newlib/_syscalls.o
 .bss.monitor_stderr
                0x2000025c        0x4 ./system/src/newlib/_syscalls.o
 .bss.monitor_stdin
                0x20000260        0x4 ./system/src/newlib/_syscalls.o
 .bss.monitor_stdout
                0x20000264        0x4 ./system/src/newlib/_syscalls.o
 .bss.openfiles
                0x20000268       0xa0 ./system/src/newlib/_syscalls.o
 .bss.buf.5632  0x20000308       0x80 ./system/src/diag/Trace.o
 .bss.__malloc_free_list
                0x20000388        0x4 c:/ac6/systemworkbench/plugins/fr.ac6.mcu.externaltools.arm-none.win32_1.15.0.201708311556/tools/compiler/bin/../lib/gcc/arm-none-eabi/6.3.1/../../../../arm-none-eabi/lib/thumb/v7e-m\libg_nano.a(lib_a-nano-mallocr.o)
                0x20000388                __malloc_free_list
 .bss.__malloc_sbrk_start
                0x2000038c        0x4 c:/ac6/systemworkbench/plugins/fr.ac6.mcu.externaltools.arm-none.win32_1.15.0.201708311556/tools/compiler/bin/../lib/gcc/arm-none-eabi/6.3.1/../../../../arm-none-eabi/lib/thumb/v7e-m\libg_nano.a(lib_a-nano-mallocr.o)
                0x2000038c                __malloc_sbrk_start
 *(COMMON)
 COMMON         0x20000390        0x4 ./system/src/newlib/_syscalls.o
                0x20000390                errno
 COMMON         0x20000394        0x4 ./src/Timer.o
                0x20000394                timer_delayCount
 *(.bss_end .bss_end.*)
 .bss_end       0x20000398        0x4 ./system/src/newlib/_startup.o
                0x2000039c                . = ALIGN (0x4)
                0x2000039c                __bss_end__ = .
                0x2000039c                _ebss = .

.noinit_CCMRAM
 *(.noinit.CCMRAM .noinit.CCMRAM.*)

.noinit         0x2000039c        0x0
                0x2000039c                _noinit = .
 *(.noinit .noinit.*)
                0x2000039c                . = ALIGN (0x4)
                0x2000039c                _end_noinit = .
                [!provide]                PROVIDE (end, _end_noinit)
                [!provide]                PROVIDE (_end, _end_noinit)
                [!provide]                PROVIDE (__end, _end_noinit)
                [!provide]                PROVIDE (__end__, _end_noinit)

._check_stack   0x2000039c      0x100
                0x2000049c                . = (. + _Minimum_Stack_Size)
 *fill*         0x2000039c      0x100 

.b1text
 *(.b1text)
 *(.b1rodata)
 *(.b1rodata.*)

.eb0text
 *(.eb0text)
 *(.eb0rodata)
 *(.eb0rodata.*)

.eb1text
 *(.eb1text)
 *(.eb1rodata)
 *(.eb1rodata.*)

.eb2text
 *(.eb2text)
 *(.eb2rodata)
 *(.eb2rodata.*)

.eb3text
 *(.eb3text)
 *(.eb3rodata)
 *(.eb3rodata.*)

.stab
 *(.stab)

.stabstr
 *(.stabstr)

.stab.excl
 *(.stab.excl)

.stab.exclstr
 *(.stab.exclstr)

.stab.index
 *(.stab.index)

.stab.indexstr
 *(.stab.indexstr)

.comment        0x00000000       0x7f
 *(.comment)
 .comment       0x00000000       0x7f ./system/src/newlib/_sbrk.o
                                 0x80 (size before relaxing)
 .comment       0x0000007f       0x80 ./system/src/newlib/_startup.o
 .comment       0x0000007f       0x80 ./system/src/newlib/_syscalls.o
 .comment       0x0000007f       0x80 ./system/src/diag/Trace.o
 .comment       0x0000007f       0x80 ./system/src/diag/trace_impl.o
 .comment       0x0000007f       0x80 ./system/src/cortexm/_initialize_hardware.o
 .comment       0x0000007f       0x80 ./system/src/cortexm/exception_handlers.o
 .comment       0x0000007f       0x80 ./system/src/cmsis/system_DEVICE.o
 .comment       0x0000007f       0x80 ./system/src/cmsis/vectors_DEVICE.o
 .comment       0x0000007f       0x80 ./src/Timer.o
 .comment       0x0000007f       0x80 ./src/main.o

.ARM.attributes
                0x00000000       0x31
 .ARM.attributes
                0x00000000       0x33 ./system/src/newlib/_sbrk.o
 .ARM.attributes
                0x00000033       0x33 ./system/src/newlib/_startup.o
 .ARM.attributes
                0x00000066       0x33 ./system/src/newlib/_syscalls.o
 .ARM.attributes
                0x00000099       0x33 ./system/src/diag/Trace.o
 .ARM.attributes
                0x000000cc       0x33 ./system/src/diag/trace_impl.o
 .ARM.attributes
                0x000000ff       0x33 ./system/src/cortexm/_initialize_hardware.o
 .ARM.attributes
                0x00000132       0x33 ./system/src/cortexm/exception_handlers.o
 .ARM.attributes
                0x00000165       0x33 ./system/src/cmsis/system_DEVICE.o
 .ARM.attributes
                0x00000198       0x33 ./system/src/cmsis/vectors_DEVICE.o
 .ARM.attributes
                0x000001cb       0x33 ./src/Timer.o
 .ARM.attributes
                0x000001fe       0x33 ./src/main.o
 .ARM.attributes
                0x00000231       0x2e c:/ac6/systemworkbench/plugins/fr.ac6.mcu.externaltools.arm-none.win32_1.15.0.201708311556/tools/compiler/bin/../lib/gcc/arm-none-eabi/6.3.1/../../../../arm-none-eabi/lib/thumb/v7e-m\libg_nano.a(lib_a-atoi.o)
 .ARM.attributes
                0x0000025f       0x2e c:/ac6/systemworkbench/plugins/fr.ac6.mcu.externaltools.arm-none.win32_1.15.0.201708311556/tools/compiler/bin/../lib/gcc/arm-none-eabi/6.3.1/../../../../arm-none-eabi/lib/thumb/v7e-m\libg_nano.a(lib_a-errno.o)
 .ARM.attributes
                0x0000028d       0x2e c:/ac6/systemworkbench/plugins/fr.ac6.mcu.externaltools.arm-none.win32_1.15.0.201708311556/tools/compiler/bin/../lib/gcc/arm-none-eabi/6.3.1/../../../../arm-none-eabi/lib/thumb/v7e-m\libg_nano.a(lib_a-findfp.o)
 .ARM.attributes
                0x000002bb       0x2e c:/ac6/systemworkbench/plugins/fr.ac6.mcu.externaltools.arm-none.win32_1.15.0.201708311556/tools/compiler/bin/../lib/gcc/arm-none-eabi/6.3.1/../../../../arm-none-eabi/lib/thumb/v7e-m\libg_nano.a(lib_a-fwalk.o)
 .ARM.attributes
                0x000002e9       0x2e c:/ac6/systemworkbench/plugins/fr.ac6.mcu.externaltools.arm-none.win32_1.15.0.201708311556/tools/compiler/bin/../lib/gcc/arm-none-eabi/6.3.1/../../../../arm-none-eabi/lib/thumb/v7e-m\libg_nano.a(lib_a-fwrite.o)
 .ARM.attributes
                0x00000317       0x2e c:/ac6/systemworkbench/plugins/fr.ac6.mcu.externaltools.arm-none.win32_1.15.0.201708311556/tools/compiler/bin/../lib/gcc/arm-none-eabi/6.3.1/../../../../arm-none-eabi/lib/thumb/v7e-m\libg_nano.a(lib_a-impure.o)
 .ARM.attributes
                0x00000345       0x2e c:/ac6/systemworkbench/plugins/fr.ac6.mcu.externaltools.arm-none.win32_1.15.0.201708311556/tools/compiler/bin/../lib/gcc/arm-none-eabi/6.3.1/../../../../arm-none-eabi/lib/thumb/v7e-m\libg_nano.a(lib_a-locale.o)
 .ARM.attributes
                0x00000373       0x2e c:/ac6/systemworkbench/plugins/fr.ac6.mcu.externaltools.arm-none.win32_1.15.0.201708311556/tools/compiler/bin/../lib/gcc/arm-none-eabi/6.3.1/../../../../arm-none-eabi/lib/thumb/v7e-m\libg_nano.a(lib_a-mbtowc_r.o)
 .ARM.attributes
                0x000003a1       0x2e c:/ac6/systemworkbench/plugins/fr.ac6.mcu.externaltools.arm-none.win32_1.15.0.201708311556/tools/compiler/bin/../lib/gcc/arm-none-eabi/6.3.1/../../../../arm-none-eabi/lib/thumb/v7e-m\libg_nano.a(lib_a-memcpy-stub.o)
 .ARM.attributes
                0x000003cf       0x2e c:/ac6/systemworkbench/plugins/fr.ac6.mcu.externaltools.arm-none.win32_1.15.0.201708311556/tools/compiler/bin/../lib/gcc/arm-none-eabi/6.3.1/../../../../arm-none-eabi/lib/thumb/v7e-m\libg_nano.a(lib_a-memset.o)
 .ARM.attributes
                0x000003fd       0x2e c:/ac6/systemworkbench/plugins/fr.ac6.mcu.externaltools.arm-none.win32_1.15.0.201708311556/tools/compiler/bin/../lib/gcc/arm-none-eabi/6.3.1/../../../../arm-none-eabi/lib/thumb/v7e-m\libg_nano.a(lib_a-nano-mallocr.o)
 .ARM.attributes
                0x0000042b       0x2e c:/ac6/systemworkbench/plugins/fr.ac6.mcu.externaltools.arm-none.win32_1.15.0.201708311556/tools/compiler/bin/../lib/gcc/arm-none-eabi/6.3.1/../../../../arm-none-eabi/lib/thumb/v7e-m\libg_nano.a(lib_a-puts.o)
 .ARM.attributes
                0x00000459       0x2e c:/ac6/systemworkbench/plugins/fr.ac6.mcu.externaltools.arm-none.win32_1.15.0.201708311556/tools/compiler/bin/../lib/gcc/arm-none-eabi/6.3.1/../../../../arm-none-eabi/lib/thumb/v7e-m\libg_nano.a(lib_a-sbrkr.o)
 .ARM.attributes
                0x00000487       0x2e c:/ac6/systemworkbench/plugins/fr.ac6.mcu.externaltools.arm-none.win32_1.15.0.201708311556/tools/compiler/bin/../lib/gcc/arm-none-eabi/6.3.1/../../../../arm-none-eabi/lib/thumb/v7e-m\libg_nano.a(lib_a-stdio.o)
 .ARM.attributes
                0x000004b5       0x1c c:/ac6/systemworkbench/plugins/fr.ac6.mcu.externaltools.arm-none.win32_1.15.0.201708311556/tools/compiler/bin/../lib/gcc/arm-none-eabi/6.3.1/../../../../arm-none-eabi/lib/thumb/v7e-m\libg_nano.a(lib_a-strcmp.o)
 .ARM.attributes
                0x000004d1       0x17 c:/ac6/systemworkbench/plugins/fr.ac6.mcu.externaltools.arm-none.win32_1.15.0.201708311556/tools/compiler/bin/../lib/gcc/arm-none-eabi/6.3.1/../../../../arm-none-eabi/lib/thumb/v7e-m\libg_nano.a(lib_a-strlen.o)
 .ARM.attributes
                0x000004e8       0x2e c:/ac6/systemworkbench/plugins/fr.ac6.mcu.externaltools.arm-none.win32_1.15.0.201708311556/tools/compiler/bin/../lib/gcc/arm-none-eabi/6.3.1/../../../../arm-none-eabi/lib/thumb/v7e-m\libg_nano.a(lib_a-strtol.o)
 .ARM.attributes
                0x00000516       0x2e c:/ac6/systemworkbench/plugins/fr.ac6.mcu.externaltools.arm-none.win32_1.15.0.201708311556/tools/compiler/bin/../lib/gcc/arm-none-eabi/6.3.1/../../../../arm-none-eabi/lib/thumb/v7e-m\libg_nano.a(lib_a-vsnprintf.o)
 .ARM.attributes
                0x00000544       0x2e c:/ac6/systemworkbench/plugins/fr.ac6.mcu.externaltools.arm-none.win32_1.15.0.201708311556/tools/compiler/bin/../lib/gcc/arm-none-eabi/6.3.1/../../../../arm-none-eabi/lib/thumb/v7e-m\libg_nano.a(lib_a-wbuf.o)
 .ARM.attributes
                0x00000572       0x2e c:/ac6/systemworkbench/plugins/fr.ac6.mcu.externaltools.arm-none.win32_1.15.0.201708311556/tools/compiler/bin/../lib/gcc/arm-none-eabi/6.3.1/../../../../arm-none-eabi/lib/thumb/v7e-m\libg_nano.a(lib_a-wctomb_r.o)
 .ARM.attributes
                0x000005a0       0x2e c:/ac6/systemworkbench/plugins/fr.ac6.mcu.externaltools.arm-none.win32_1.15.0.201708311556/tools/compiler/bin/../lib/gcc/arm-none-eabi/6.3.1/../../../../arm-none-eabi/lib/thumb/v7e-m\libg_nano.a(lib_a-writer.o)
 .ARM.attributes
                0x000005ce       0x2e c:/ac6/systemworkbench/plugins/fr.ac6.mcu.externaltools.arm-none.win32_1.15.0.201708311556/tools/compiler/bin/../lib/gcc/arm-none-eabi/6.3.1/../../../../arm-none-eabi/lib/thumb/v7e-m\libg_nano.a(lib_a-wsetup.o)
 .ARM.attributes
                0x000005fc       0x2e c:/ac6/systemworkbench/plugins/fr.ac6.mcu.externaltools.arm-none.win32_1.15.0.201708311556/tools/compiler/bin/../lib/gcc/arm-none-eabi/6.3.1/../../../../arm-none-eabi/lib/thumb/v7e-m\libg_nano.a(lib_a-closer.o)
 .ARM.attributes
                0x0000062a       0x2e c:/ac6/systemworkbench/plugins/fr.ac6.mcu.externaltools.arm-none.win32_1.15.0.201708311556/tools/compiler/bin/../lib/gcc/arm-none-eabi/6.3.1/../../../../arm-none-eabi/lib/thumb/v7e-m\libg_nano.a(lib_a-ctype_.o)
 .ARM.attributes
                0x00000658       0x2e c:/ac6/systemworkbench/plugins/fr.ac6.mcu.externaltools.arm-none.win32_1.15.0.201708311556/tools/compiler/bin/../lib/gcc/arm-none-eabi/6.3.1/../../../../arm-none-eabi/lib/thumb/v7e-m\libg_nano.a(lib_a-fflush.o)
 .ARM.attributes
                0x00000686       0x2e c:/ac6/systemworkbench/plugins/fr.ac6.mcu.externaltools.arm-none.win32_1.15.0.201708311556/tools/compiler/bin/../lib/gcc/arm-none-eabi/6.3.1/../../../../arm-none-eabi/lib/thumb/v7e-m\libg_nano.a(lib_a-lseekr.o)
 .ARM.attributes
                0x000006b4       0x2e c:/ac6/systemworkbench/plugins/fr.ac6.mcu.externaltools.arm-none.win32_1.15.0.201708311556/tools/compiler/bin/../lib/gcc/arm-none-eabi/6.3.1/../../../../arm-none-eabi/lib/thumb/v7e-m\libg_nano.a(lib_a-makebuf.o)
 .ARM.attributes
                0x000006e2       0x2e c:/ac6/systemworkbench/plugins/fr.ac6.mcu.externaltools.arm-none.win32_1.15.0.201708311556/tools/compiler/bin/../lib/gcc/arm-none-eabi/6.3.1/../../../../arm-none-eabi/lib/thumb/v7e-m\libg_nano.a(lib_a-mlock.o)
 .ARM.attributes
                0x00000710       0x2e c:/ac6/systemworkbench/plugins/fr.ac6.mcu.externaltools.arm-none.win32_1.15.0.201708311556/tools/compiler/bin/../lib/gcc/arm-none-eabi/6.3.1/../../../../arm-none-eabi/lib/thumb/v7e-m\libg_nano.a(lib_a-nano-freer.o)
 .ARM.attributes
                0x0000073e       0x2e c:/ac6/systemworkbench/plugins/fr.ac6.mcu.externaltools.arm-none.win32_1.15.0.201708311556/tools/compiler/bin/../lib/gcc/arm-none-eabi/6.3.1/../../../../arm-none-eabi/lib/thumb/v7e-m\libg_nano.a(lib_a-nano-svfprintf.o)
 .ARM.attributes
                0x0000076c       0x2e c:/ac6/systemworkbench/plugins/fr.ac6.mcu.externaltools.arm-none.win32_1.15.0.201708311556/tools/compiler/bin/../lib/gcc/arm-none-eabi/6.3.1/../../../../arm-none-eabi/lib/thumb/v7e-m\libg_nano.a(lib_a-nano-vfprintf_i.o)
 .ARM.attributes
                0x0000079a       0x2e c:/ac6/systemworkbench/plugins/fr.ac6.mcu.externaltools.arm-none.win32_1.15.0.201708311556/tools/compiler/bin/../lib/gcc/arm-none-eabi/6.3.1/../../../../arm-none-eabi/lib/thumb/v7e-m\libg_nano.a(lib_a-readr.o)
 .ARM.attributes
                0x000007c8       0x2e c:/ac6/systemworkbench/plugins/fr.ac6.mcu.externaltools.arm-none.win32_1.15.0.201708311556/tools/compiler/bin/../lib/gcc/arm-none-eabi/6.3.1/../../../../arm-none-eabi/lib/thumb/v7e-m\libg_nano.a(lib_a-fstatr.o)
 .ARM.attributes
                0x000007f6       0x2e c:/ac6/systemworkbench/plugins/fr.ac6.mcu.externaltools.arm-none.win32_1.15.0.201708311556/tools/compiler/bin/../lib/gcc/arm-none-eabi/6.3.1/../../../../arm-none-eabi/lib/thumb/v7e-m\libg_nano.a(lib_a-isattyr.o)
 .ARM.attributes
                0x00000824       0x1c c:/ac6/systemworkbench/plugins/fr.ac6.mcu.externaltools.arm-none.win32_1.15.0.201708311556/tools/compiler/bin/../lib/gcc/arm-none-eabi/6.3.1/../../../../arm-none-eabi/lib/thumb/v7e-m\libg_nano.a(lib_a-memchr.o)
 .ARM.attributes
                0x00000840       0x2e c:/ac6/systemworkbench/plugins/fr.ac6.mcu.externaltools.arm-none.win32_1.15.0.201708311556/tools/compiler/bin/../lib/gcc/arm-none-eabi/6.3.1/../../../../arm-none-eabi/lib/thumb/v7e-m\libg_nano.a(lib_a-memmove.o)
 .ARM.attributes
                0x0000086e       0x2e c:/ac6/systemworkbench/plugins/fr.ac6.mcu.externaltools.arm-none.win32_1.15.0.201708311556/tools/compiler/bin/../lib/gcc/arm-none-eabi/6.3.1/../../../../arm-none-eabi/lib/thumb/v7e-m\libg_nano.a(lib_a-nano-reallocr.o)
 .ARM.attributes
                0x0000089c       0x2e c:/ac6/systemworkbench/plugins/fr.ac6.mcu.externaltools.arm-none.win32_1.15.0.201708311556/tools/compiler/bin/../lib/gcc/arm-none-eabi/6.3.1/../../../../arm-none-eabi/lib/thumb/v7e-m\libg_nano.a(lib_a-nano-msizer.o)

.debug
 *(.debug)

.line
 *(.line)

.debug_srcinfo
 *(.debug_srcinfo)

.debug_sfnames
 *(.debug_sfnames)

.debug_aranges  0x00000000      0x340
 *(.debug_aranges)
 .debug_aranges
                0x00000000       0x20 ./system/src/newlib/_sbrk.o
 .debug_aranges
                0x00000020       0x40 ./system/src/newlib/_startup.o
 .debug_aranges
                0x00000060      0x120 ./system/src/newlib/_syscalls.o
 .debug_aranges
                0x00000180       0x38 ./system/src/diag/Trace.o
 .debug_aranges
                0x000001b8       0x30 ./system/src/diag/trace_impl.o
 .debug_aranges
                0x000001e8       0x28 ./system/src/cortexm/_initialize_hardware.o
 .debug_aranges
                0x00000210       0x90 ./system/src/cortexm/exception_handlers.o
 .debug_aranges
                0x000002a0       0x28 ./system/src/cmsis/system_DEVICE.o
 .debug_aranges
                0x000002c8       0x20 ./system/src/cmsis/vectors_DEVICE.o
 .debug_aranges
                0x000002e8       0x38 ./src/Timer.o
 .debug_aranges
                0x00000320       0x20 ./src/main.o

.debug_pubnames
 *(.debug_pubnames)

.debug_info     0x00000000     0x6347
 *(.debug_info .gnu.linkonce.wi.*)
 .debug_info    0x00000000      0x949 ./system/src/newlib/_sbrk.o
 .debug_info    0x00000949      0x440 ./system/src/newlib/_startup.o
 .debug_info    0x00000d89     0x2018 ./system/src/newlib/_syscalls.o
 .debug_info    0x00002da1      0xb31 ./system/src/diag/Trace.o
 .debug_info    0x000038d2      0x383 ./system/src/diag/trace_impl.o
 .debug_info    0x00003c55      0x2dd ./system/src/cortexm/_initialize_hardware.o
 .debug_info    0x00003f32     0x122a ./system/src/cortexm/exception_handlers.o
 .debug_info    0x0000515c       0xee ./system/src/cmsis/system_DEVICE.o
 .debug_info    0x0000524a       0xd0 ./system/src/cmsis/vectors_DEVICE.o
 .debug_info    0x0000531a      0x54a ./src/Timer.o
 .debug_info    0x00005864      0xae3 ./src/main.o

.debug_abbrev   0x00000000     0x158e
 *(.debug_abbrev)
 .debug_abbrev  0x00000000      0x1fc ./system/src/newlib/_sbrk.o
 .debug_abbrev  0x000001fc      0x1b3 ./system/src/newlib/_startup.o
 .debug_abbrev  0x000003af      0x428 ./system/src/newlib/_syscalls.o
 .debug_abbrev  0x000007d7      0x276 ./system/src/diag/Trace.o
 .debug_abbrev  0x00000a4d      0x1e2 ./system/src/diag/trace_impl.o
 .debug_abbrev  0x00000c2f       0xea ./system/src/cortexm/_initialize_hardware.o
 .debug_abbrev  0x00000d19      0x356 ./system/src/cortexm/exception_handlers.o
 .debug_abbrev  0x0000106f       0x88 ./system/src/cmsis/system_DEVICE.o
 .debug_abbrev  0x000010f7       0x9d ./system/src/cmsis/vectors_DEVICE.o
 .debug_abbrev  0x00001194      0x1ba ./src/Timer.o
 .debug_abbrev  0x0000134e      0x240 ./src/main.o

.debug_line     0x00000000     0x348c
 *(.debug_line)
 .debug_line    0x00000000      0x3c8 ./system/src/newlib/_sbrk.o
 .debug_line    0x000003c8      0x48b ./system/src/newlib/_startup.o
 .debug_line    0x00000853      0x987 ./system/src/newlib/_syscalls.o
 .debug_line    0x000011da      0x482 ./system/src/diag/Trace.o
 .debug_line    0x0000165c      0x512 ./system/src/diag/trace_impl.o
 .debug_line    0x00001b6e      0x38c ./system/src/cortexm/_initialize_hardware.o
 .debug_line    0x00001efa      0x60f ./system/src/cortexm/exception_handlers.o
 .debug_line    0x00002509      0x371 ./system/src/cmsis/system_DEVICE.o
 .debug_line    0x0000287a      0x309 ./system/src/cmsis/vectors_DEVICE.o
 .debug_line    0x00002b83      0x3ec ./src/Timer.o
 .debug_line    0x00002f6f      0x51d ./src/main.o

.debug_frame    0x00000000     0x1150
 *(.debug_frame)
 .debug_frame   0x00000000       0x28 ./system/src/newlib/_sbrk.o
 .debug_frame   0x00000028       0x7c ./system/src/newlib/_startup.o
 .debug_frame   0x000000a4      0x3dc ./system/src/newlib/_syscalls.o
 .debug_frame   0x00000480       0x94 ./system/src/diag/Trace.o
 .debug_frame   0x00000514       0x64 ./system/src/diag/trace_impl.o
 .debug_frame   0x00000578       0x40 ./system/src/cortexm/_initialize_hardware.o
 .debug_frame   0x000005b8      0x164 ./system/src/cortexm/exception_handlers.o
 .debug_frame   0x0000071c       0x30 ./system/src/cmsis/system_DEVICE.o
 .debug_frame   0x0000074c       0x20 ./system/src/cmsis/vectors_DEVICE.o
 .debug_frame   0x0000076c       0x58 ./src/Timer.o
 .debug_frame   0x000007c4       0x2c ./src/main.o
 .debug_frame   0x000007f0       0x30 c:/ac6/systemworkbench/plugins/fr.ac6.mcu.externaltools.arm-none.win32_1.15.0.201708311556/tools/compiler/bin/../lib/gcc/arm-none-eabi/6.3.1/../../../../arm-none-eabi/lib/thumb/v7e-m\libg_nano.a(lib_a-atoi.o)
 .debug_frame   0x00000820       0x20 c:/ac6/systemworkbench/plugins/fr.ac6.mcu.externaltools.arm-none.win32_1.15.0.201708311556/tools/compiler/bin/../lib/gcc/arm-none-eabi/6.3.1/../../../../arm-none-eabi/lib/thumb/v7e-m\libg_nano.a(lib_a-errno.o)
 .debug_frame   0x00000840      0x11c c:/ac6/systemworkbench/plugins/fr.ac6.mcu.externaltools.arm-none.win32_1.15.0.201708311556/tools/compiler/bin/../lib/gcc/arm-none-eabi/6.3.1/../../../../arm-none-eabi/lib/thumb/v7e-m\libg_nano.a(lib_a-findfp.o)
 .debug_frame   0x0000095c       0x54 c:/ac6/systemworkbench/plugins/fr.ac6.mcu.externaltools.arm-none.win32_1.15.0.201708311556/tools/compiler/bin/../lib/gcc/arm-none-eabi/6.3.1/../../../../arm-none-eabi/lib/thumb/v7e-m\libg_nano.a(lib_a-fwalk.o)
 .debug_frame   0x000009b0       0x4c c:/ac6/systemworkbench/plugins/fr.ac6.mcu.externaltools.arm-none.win32_1.15.0.201708311556/tools/compiler/bin/../lib/gcc/arm-none-eabi/6.3.1/../../../../arm-none-eabi/lib/thumb/v7e-m\libg_nano.a(lib_a-fwrite.o)
 .debug_frame   0x000009fc       0x68 c:/ac6/systemworkbench/plugins/fr.ac6.mcu.externaltools.arm-none.win32_1.15.0.201708311556/tools/compiler/bin/../lib/gcc/arm-none-eabi/6.3.1/../../../../arm-none-eabi/lib/thumb/v7e-m\libg_nano.a(lib_a-locale.o)
 .debug_frame   0x00000a64       0x48 c:/ac6/systemworkbench/plugins/fr.ac6.mcu.externaltools.arm-none.win32_1.15.0.201708311556/tools/compiler/bin/../lib/gcc/arm-none-eabi/6.3.1/../../../../arm-none-eabi/lib/thumb/v7e-m\libg_nano.a(lib_a-mbtowc_r.o)
 .debug_frame   0x00000aac       0x28 c:/ac6/systemworkbench/plugins/fr.ac6.mcu.externaltools.arm-none.win32_1.15.0.201708311556/tools/compiler/bin/../lib/gcc/arm-none-eabi/6.3.1/../../../../arm-none-eabi/lib/thumb/v7e-m\libg_nano.a(lib_a-memcpy-stub.o)
 .debug_frame   0x00000ad4       0x20 c:/ac6/systemworkbench/plugins/fr.ac6.mcu.externaltools.arm-none.win32_1.15.0.201708311556/tools/compiler/bin/../lib/gcc/arm-none-eabi/6.3.1/../../../../arm-none-eabi/lib/thumb/v7e-m\libg_nano.a(lib_a-memset.o)
 .debug_frame   0x00000af4       0x2c c:/ac6/systemworkbench/plugins/fr.ac6.mcu.externaltools.arm-none.win32_1.15.0.201708311556/tools/compiler/bin/../lib/gcc/arm-none-eabi/6.3.1/../../../../arm-none-eabi/lib/thumb/v7e-m\libg_nano.a(lib_a-nano-mallocr.o)
 .debug_frame   0x00000b20       0x3c c:/ac6/systemworkbench/plugins/fr.ac6.mcu.externaltools.arm-none.win32_1.15.0.201708311556/tools/compiler/bin/../lib/gcc/arm-none-eabi/6.3.1/../../../../arm-none-eabi/lib/thumb/v7e-m\libg_nano.a(lib_a-puts.o)
 .debug_frame   0x00000b5c       0x2c c:/ac6/systemworkbench/plugins/fr.ac6.mcu.externaltools.arm-none.win32_1.15.0.201708311556/tools/compiler/bin/../lib/gcc/arm-none-eabi/6.3.1/../../../../arm-none-eabi/lib/thumb/v7e-m\libg_nano.a(lib_a-sbrkr.o)
 .debug_frame   0x00000b88       0x88 c:/ac6/systemworkbench/plugins/fr.ac6.mcu.externaltools.arm-none.win32_1.15.0.201708311556/tools/compiler/bin/../lib/gcc/arm-none-eabi/6.3.1/../../../../arm-none-eabi/lib/thumb/v7e-m\libg_nano.a(lib_a-stdio.o)
 .debug_frame   0x00000c10       0x20 c:/ac6/systemworkbench/plugins/fr.ac6.mcu.externaltools.arm-none.win32_1.15.0.201708311556/tools/compiler/bin/../lib/gcc/arm-none-eabi/6.3.1/../../../../arm-none-eabi/lib/thumb/v7e-m\libg_nano.a(lib_a-strcmp.o)
 .debug_frame   0x00000c30       0x88 c:/ac6/systemworkbench/plugins/fr.ac6.mcu.externaltools.arm-none.win32_1.15.0.201708311556/tools/compiler/bin/../lib/gcc/arm-none-eabi/6.3.1/../../../../arm-none-eabi/lib/thumb/v7e-m\libg_nano.a(lib_a-strtol.o)
 .debug_frame   0x00000cb8       0x4c c:/ac6/systemworkbench/plugins/fr.ac6.mcu.externaltools.arm-none.win32_1.15.0.201708311556/tools/compiler/bin/../lib/gcc/arm-none-eabi/6.3.1/../../../../arm-none-eabi/lib/thumb/v7e-m\libg_nano.a(lib_a-vsnprintf.o)
 .debug_frame   0x00000d04       0x40 c:/ac6/systemworkbench/plugins/fr.ac6.mcu.externaltools.arm-none.win32_1.15.0.201708311556/tools/compiler/bin/../lib/gcc/arm-none-eabi/6.3.1/../../../../arm-none-eabi/lib/thumb/v7e-m\libg_nano.a(lib_a-wbuf.o)
 .debug_frame   0x00000d44       0x3c c:/ac6/systemworkbench/plugins/fr.ac6.mcu.externaltools.arm-none.win32_1.15.0.201708311556/tools/compiler/bin/../lib/gcc/arm-none-eabi/6.3.1/../../../../arm-none-eabi/lib/thumb/v7e-m\libg_nano.a(lib_a-wctomb_r.o)
 .debug_frame   0x00000d80       0x2c c:/ac6/systemworkbench/plugins/fr.ac6.mcu.externaltools.arm-none.win32_1.15.0.201708311556/tools/compiler/bin/../lib/gcc/arm-none-eabi/6.3.1/../../../../arm-none-eabi/lib/thumb/v7e-m\libg_nano.a(lib_a-writer.o)
 .debug_frame   0x00000dac       0x2c c:/ac6/systemworkbench/plugins/fr.ac6.mcu.externaltools.arm-none.win32_1.15.0.201708311556/tools/compiler/bin/../lib/gcc/arm-none-eabi/6.3.1/../../../../arm-none-eabi/lib/thumb/v7e-m\libg_nano.a(lib_a-wsetup.o)
 .debug_frame   0x00000dd8       0x2c c:/ac6/systemworkbench/plugins/fr.ac6.mcu.externaltools.arm-none.win32_1.15.0.201708311556/tools/compiler/bin/../lib/gcc/arm-none-eabi/6.3.1/../../../../arm-none-eabi/lib/thumb/v7e-m\libg_nano.a(lib_a-closer.o)
 .debug_frame   0x00000e04       0x68 c:/ac6/systemworkbench/plugins/fr.ac6.mcu.externaltools.arm-none.win32_1.15.0.201708311556/tools/compiler/bin/../lib/gcc/arm-none-eabi/6.3.1/../../../../arm-none-eabi/lib/thumb/v7e-m\libg_nano.a(lib_a-fflush.o)
 .debug_frame   0x00000e6c       0x2c c:/ac6/systemworkbench/plugins/fr.ac6.mcu.externaltools.arm-none.win32_1.15.0.201708311556/tools/compiler/bin/../lib/gcc/arm-none-eabi/6.3.1/../../../../arm-none-eabi/lib/thumb/v7e-m\libg_nano.a(lib_a-lseekr.o)
 .debug_frame   0x00000e98       0x58 c:/ac6/systemworkbench/plugins/fr.ac6.mcu.externaltools.arm-none.win32_1.15.0.201708311556/tools/compiler/bin/../lib/gcc/arm-none-eabi/6.3.1/../../../../arm-none-eabi/lib/thumb/v7e-m\libg_nano.a(lib_a-makebuf.o)
 .debug_frame   0x00000ef0       0x30 c:/ac6/systemworkbench/plugins/fr.ac6.mcu.externaltools.arm-none.win32_1.15.0.201708311556/tools/compiler/bin/../lib/gcc/arm-none-eabi/6.3.1/../../../../arm-none-eabi/lib/thumb/v7e-m\libg_nano.a(lib_a-mlock.o)
 .debug_frame   0x00000f20       0x38 c:/ac6/systemworkbench/plugins/fr.ac6.mcu.externaltools.arm-none.win32_1.15.0.201708311556/tools/compiler/bin/../lib/gcc/arm-none-eabi/6.3.1/../../../../arm-none-eabi/lib/thumb/v7e-m\libg_nano.a(lib_a-nano-freer.o)
 .debug_frame   0x00000f58       0x90 c:/ac6/systemworkbench/plugins/fr.ac6.mcu.externaltools.arm-none.win32_1.15.0.201708311556/tools/compiler/bin/../lib/gcc/arm-none-eabi/6.3.1/../../../../arm-none-eabi/lib/thumb/v7e-m\libg_nano.a(lib_a-nano-svfprintf.o)
 .debug_frame   0x00000fe8       0x60 c:/ac6/systemworkbench/plugins/fr.ac6.mcu.externaltools.arm-none.win32_1.15.0.201708311556/tools/compiler/bin/../lib/gcc/arm-none-eabi/6.3.1/../../../../arm-none-eabi/lib/thumb/v7e-m\libg_nano.a(lib_a-nano-vfprintf_i.o)
 .debug_frame   0x00001048       0x2c c:/ac6/systemworkbench/plugins/fr.ac6.mcu.externaltools.arm-none.win32_1.15.0.201708311556/tools/compiler/bin/../lib/gcc/arm-none-eabi/6.3.1/../../../../arm-none-eabi/lib/thumb/v7e-m\libg_nano.a(lib_a-readr.o)
 .debug_frame   0x00001074       0x2c c:/ac6/systemworkbench/plugins/fr.ac6.mcu.externaltools.arm-none.win32_1.15.0.201708311556/tools/compiler/bin/../lib/gcc/arm-none-eabi/6.3.1/../../../../arm-none-eabi/lib/thumb/v7e-m\libg_nano.a(lib_a-fstatr.o)
 .debug_frame   0x000010a0       0x2c c:/ac6/systemworkbench/plugins/fr.ac6.mcu.externaltools.arm-none.win32_1.15.0.201708311556/tools/compiler/bin/../lib/gcc/arm-none-eabi/6.3.1/../../../../arm-none-eabi/lib/thumb/v7e-m\libg_nano.a(lib_a-isattyr.o)
 .debug_frame   0x000010cc       0x28 c:/ac6/systemworkbench/plugins/fr.ac6.mcu.externaltools.arm-none.win32_1.15.0.201708311556/tools/compiler/bin/../lib/gcc/arm-none-eabi/6.3.1/../../../../arm-none-eabi/lib/thumb/v7e-m\libg_nano.a(lib_a-memmove.o)
 .debug_frame   0x000010f4       0x3c c:/ac6/systemworkbench/plugins/fr.ac6.mcu.externaltools.arm-none.win32_1.15.0.201708311556/tools/compiler/bin/../lib/gcc/arm-none-eabi/6.3.1/../../../../arm-none-eabi/lib/thumb/v7e-m\libg_nano.a(lib_a-nano-reallocr.o)
 .debug_frame   0x00001130       0x20 c:/ac6/systemworkbench/plugins/fr.ac6.mcu.externaltools.arm-none.win32_1.15.0.201708311556/tools/compiler/bin/../lib/gcc/arm-none-eabi/6.3.1/../../../../arm-none-eabi/lib/thumb/v7e-m\libg_nano.a(lib_a-nano-msizer.o)

.debug_str      0x00000000     0xf9f4
 *(.debug_str)
 .debug_str     0x00000000     0x66b7 ./system/src/newlib/_sbrk.o
                               0x68b0 (size before relaxing)
 .debug_str     0x000066b7      0xbb8 ./system/src/newlib/_startup.o
                               0x6019 (size before relaxing)
 .debug_str     0x0000726f     0x35fe ./system/src/newlib/_syscalls.o
                               0xa8f9 (size before relaxing)
 .debug_str     0x0000a86d      0x17d ./system/src/diag/Trace.o
                               0x7ce0 (size before relaxing)
 .debug_str     0x0000a9ea     0x4997 ./system/src/diag/trace_impl.o
                               0xba4b (size before relaxing)
 .debug_str     0x0000f381       0xc6 ./system/src/cortexm/_initialize_hardware.o
                               0x7e82 (size before relaxing)
 .debug_str     0x0000f447      0x204 ./system/src/cortexm/exception_handlers.o
                               0xcc4d (size before relaxing)
 .debug_str     0x0000f64b       0x7e ./system/src/cmsis/system_DEVICE.o
                               0x7e16 (size before relaxing)
 .debug_str     0x0000f6c9       0x54 ./system/src/cmsis/vectors_DEVICE.o
                               0x34e8 (size before relaxing)
 .debug_str     0x0000f71d      0x1b9 ./src/Timer.o
                               0x8006 (size before relaxing)
 .debug_str     0x0000f8d6      0x11e ./src/main.o
                               0xcfb3 (size before relaxing)

.debug_loc      0x00000000     0x1982
 *(.debug_loc)
 .debug_loc     0x00000000       0x85 ./system/src/newlib/_sbrk.o
 .debug_loc     0x00000085      0x19e ./system/src/newlib/_startup.o
 .debug_loc     0x00000223      0xfe5 ./system/src/newlib/_syscalls.o
 .debug_loc     0x00001208       0xf6 ./system/src/diag/Trace.o
 .debug_loc     0x000012fe      0x121 ./system/src/diag/trace_impl.o
 .debug_loc     0x0000141f      0x43d ./system/src/cortexm/exception_handlers.o
 .debug_loc     0x0000185c       0x59 ./src/Timer.o
 .debug_loc     0x000018b5       0xcd ./src/main.o

.debug_macinfo
 *(.debug_macinfo)

.debug_weaknames
 *(.debug_weaknames)

.debug_funcnames
 *(.debug_funcnames)

.debug_typenames
 *(.debug_typenames)

.debug_varnames
 *(.debug_varnames)
OUTPUT(0-Assembler.elf elf32-littlearm)

.debug_ranges   0x00000000      0x338
 .debug_ranges  0x00000000       0x10 ./system/src/newlib/_sbrk.o
 .debug_ranges  0x00000010       0x78 ./system/src/newlib/_startup.o
 .debug_ranges  0x00000088      0x158 ./system/src/newlib/_syscalls.o
 .debug_ranges  0x000001e0       0x28 ./system/src/diag/Trace.o
 .debug_ranges  0x00000208       0x38 ./system/src/diag/trace_impl.o
 .debug_ranges  0x00000240       0x18 ./system/src/cortexm/_initialize_hardware.o
 .debug_ranges  0x00000258       0x80 ./system/src/cortexm/exception_handlers.o
 .debug_ranges  0x000002d8       0x18 ./system/src/cmsis/system_DEVICE.o
 .debug_ranges  0x000002f0       0x10 ./system/src/cmsis/vectors_DEVICE.o
 .debug_ranges  0x00000300       0x28 ./src/Timer.o
 .debug_ranges  0x00000328       0x10 ./src/main.o

.debug_macro    0x00000000     0x34b8
 .debug_macro   0x00000000      0x15c ./system/src/newlib/_sbrk.o
 .debug_macro   0x0000015c      0x174 ./system/src/newlib/_sbrk.o
 .debug_macro   0x000002d0       0x10 ./system/src/newlib/_sbrk.o
 .debug_macro   0x000002e0      0x23b ./system/src/newlib/_sbrk.o
 .debug_macro   0x0000051b      0x17b ./system/src/newlib/_startup.o
 .debug_macro   0x00000696       0x87 ./system/src/newlib/_startup.o
 .debug_macro   0x0000071d       0x51 ./system/src/newlib/_startup.o
 .debug_macro   0x0000076e       0xef ./system/src/newlib/_startup.o
 .debug_macro   0x0000085d      0x1df ./system/src/newlib/_startup.o
 .debug_macro   0x00000a3c       0x58 ./system/src/newlib/_startup.o
 .debug_macro   0x00000a94      0x2cc ./system/src/newlib/_syscalls.o
 .debug_macro   0x00000d60       0x10 ./system/src/newlib/_syscalls.o
 .debug_macro   0x00000d70       0x10 ./system/src/newlib/_syscalls.o
 .debug_macro   0x00000d80       0x10 ./system/src/newlib/_syscalls.o
 .debug_macro   0x00000d90       0x35 ./system/src/newlib/_syscalls.o
 .debug_macro   0x00000dc5      0x122 ./system/src/newlib/_syscalls.o
 .debug_macro   0x00000ee7      0x1da ./system/src/newlib/_syscalls.o
 .debug_macro   0x000010c1       0x10 ./system/src/newlib/_syscalls.o
 .debug_macro   0x000010d1       0x1c ./system/src/newlib/_syscalls.o
 .debug_macro   0x000010ed       0x10 ./system/src/newlib/_syscalls.o
 .debug_macro   0x000010fd       0x10 ./system/src/newlib/_syscalls.o
 .debug_macro   0x0000110d       0x16 ./system/src/newlib/_syscalls.o
 .debug_macro   0x00001123      0x18b ./system/src/newlib/_syscalls.o
 .debug_macro   0x000012ae       0x16 ./system/src/newlib/_syscalls.o
 .debug_macro   0x000012c4       0x88 ./system/src/newlib/_syscalls.o
 .debug_macro   0x0000134c      0x241 ./system/src/newlib/_syscalls.o
 .debug_macro   0x0000158d       0x16 ./system/src/newlib/_syscalls.o
 .debug_macro   0x000015a3       0x3a ./system/src/newlib/_syscalls.o
 .debug_macro   0x000015dd      0x111 ./system/src/newlib/_syscalls.o
 .debug_macro   0x000016ee      0x159 ./system/src/newlib/_syscalls.o
 .debug_macro   0x00001847       0x16 ./system/src/newlib/_syscalls.o
 .debug_macro   0x0000185d       0x22 ./system/src/newlib/_syscalls.o
 .debug_macro   0x0000187f      0x1e4 ./system/src/diag/Trace.o
 .debug_macro   0x00001a63       0x16 ./system/src/diag/Trace.o
 .debug_macro   0x00001a79       0x97 ./system/src/diag/Trace.o
 .debug_macro   0x00001b10       0xfd ./system/src/diag/Trace.o
 .debug_macro   0x00001c0d       0x4c ./system/src/diag/Trace.o
 .debug_macro   0x00001c59      0x1fd ./system/src/diag/trace_impl.o
 .debug_macro   0x00001e56       0x2b ./system/src/diag/trace_impl.o
 .debug_macro   0x00001e81       0x35 ./system/src/diag/trace_impl.o
 .debug_macro   0x00001eb6       0x50 ./system/src/diag/trace_impl.o
 .debug_macro   0x00001f06      0xbc6 ./system/src/diag/trace_impl.o
 .debug_macro   0x00002acc       0x43 ./system/src/diag/trace_impl.o
 .debug_macro   0x00002b0f       0x10 ./system/src/diag/trace_impl.o
 .debug_macro   0x00002b1f       0xcf ./system/src/diag/trace_impl.o
 .debug_macro   0x00002bee       0xbe ./system/src/diag/trace_impl.o
 .debug_macro   0x00002cac       0xc5 ./system/src/cortexm/_initialize_hardware.o
 .debug_macro   0x00002d71      0x252 ./system/src/cortexm/exception_handlers.o
 .debug_macro   0x00002fc3       0x3b ./system/src/cortexm/exception_handlers.o
 .debug_macro   0x00002ffe       0x10 ./system/src/cortexm/exception_handlers.o
 .debug_macro   0x0000300e       0xcd ./system/src/cmsis/system_DEVICE.o
 .debug_macro   0x000030db       0x73 ./system/src/cmsis/vectors_DEVICE.o
 .debug_macro   0x0000314e       0xde ./src/Timer.o
 .debug_macro   0x0000322c       0x10 ./src/Timer.o
 .debug_macro   0x0000323c      0x27c ./src/main.o
